// Jest Snapshot v1, https://goo.gl/fbAQLP

exports[`<Form /> renders the <Form /> with an error 1`] = `
<div
  class="sc-iAKWXU imFYqY"
>
  <div
    class="sc-efQSVx hchlJe"
  >
    Your email address is already being used
  </div>
  <button
    class="sc-khQegj hcvji"
    type="submit"
  >
    Sign In
  </button>
</div>
`;

exports[`<Form /> renders the <Form /> with populated data 1`] = `
<div
  class="sc-iAKWXU imFYqY"
>
  <h1
    class="sc-jObWnj hUPQkK"
  >
    Sign In Now
  </h1>
  <form
    class="sc-cTAqQK BQMFU"
  >
    <input
      class="sc-AjmGg jSQjxe"
      placeholder="Email address"
    />
    <input
      class="sc-AjmGg jSQjxe"
      placeholder="Password"
      type="password"
    />
    <button
      class="sc-khQegj hcvji"
      disabled=""
      type="submit"
    >
      Sign In
    </button>
  </form>
  <p
    class="sc-dPiLbb jQugqO"
  >
    New to Netflix? 
  </p>
  <p
    class="sc-bBHHxi lbotiC"
  >
    This page is protected by Google reCAPTCHA to ensure you're not a bot. Learn more.
  </p>
</div>
`;
